// Jest Snapshot v1, https://goo.gl/fbAQLP

exports[`renders the app - navbar links are displayed correctly 1`] = `
<div>
  <div
    data-testid="nav-container"
  >
    <nav
      class="navbar navbar-expand-lg navbar-dark bg-navbar d-flex justify-content-around justify-content-lg-between"
    >
      <div>
        <button
          aria-controls="navbarToggler03"
          aria-expanded="false"
          aria-label="Toggle navigation"
          class="navbar-toggler"
          data-bs-target="#navbarToggler03"
          data-bs-toggle="collapse"
          type="button"
        >
          <span
            class="navbar-toggler-icon"
          />
        </button>
        <div
          class="navbar-nav mr-auto collapse navbar-collapse"
          id="navbarToggler03"
        >
          <a
            class="navbar-brand"
            href="/"
          >
            <img
              alt="logo"
              src="logo.png"
              style="margin-right: 2px; width: 30px; height: 30px; border-radius: 50px;"
            />
             
            iGrow
          </a>
          <li
            class="nav-item"
          >
            <a
              class="nav-link"
              href="/home"
            >
              Home
            </a>
          </li>
          <li
            class="nav-item"
          >
            <a
              class="nav-link"
              href="/wishlist"
            >
              Browse Wishlist
            </a>
          </li>
          <li
            class="nav-item"
          >
            <a
              class="nav-link"
              href="/profile"
            >
              test@example.com
            </a>
          </li>
        </div>
      </div>
      <div>
        <button
          aria-controls="navbarToggler04"
          aria-expanded="false"
          aria-label="Toggle navigation"
          class="navbar-toggler"
          data-bs-target="#navbarToggler04"
          data-bs-toggle="collapse"
          type="button"
        >
          <i
            aria-hidden="true"
            class="fa fa-user toggler-icon"
          />
        </button>
        <div
          class="navbar-nav ml-auto collapse navbar-collapse"
          id="navbarToggler04"
        >
          <div
            class="d-lg-flex"
          >
            <li
              class="nav-item d-flex"
            >
              <a
                class="nav-link"
                href="/login"
              >
                Logout
              </a>
            </li>
            <li
              class="nav-item d-flex"
            >
              <a
                class="nav-link"
                href="/cart"
              >
                <i
                  aria-hidden="true"
                  class="fa fa-shopping-cart"
                />
                <span
                  style="border-radius: 45%; background-color: rgb(0, 128, 0); color: white; font-size: 8px; padding: 3px; margin-right: 3px;"
                >
                  1
                </span>
              </a>
            </li>
          </div>
        </div>
      </div>
    </nav>
    <div
      class="container mt-3"
      data-testid="main-container"
    >
      <div
        class="container row d-flex"
      >
        <div
          class="col-md-3"
        >
          <label
            for="category-select"
          >
            PRODUCT CATEGORIES:
            <select
              id="category-select"
              name="categories"
            >
              <option
                value=""
              >
                 Select a category
              </option>
              <option
                value="Full Sun Plants"
              >
                Full Sun Plants
              </option>
              <option
                value="Clearance Sale"
              >
                Clearance Sale
              </option>
              <option
                value="Fynbos"
              >
                Fynbos
              </option>
              <option
                value="Outdoor Garden Plants"
              >
                Outdoor Garden Plants
              </option>
              <option
                value="Coniferous Shrubs"
              >
                Coniferous Shrubs
              </option>
              <option
                value="All Plants"
              >
                All Plants
              </option>
            </select>
          </label>
        </div>
        <div
          class="col-md-9"
        >
          <div
            class="row d-flex"
          >
             
            <div
              class="col-sm-6 col-md-4"
              data-testid="category-container"
              role="presentation"
            >
              <div
                class="category d-flex justify-content center flex-column"
              >
                <img
                  alt="category"
                  src="https://plant-xchange-app-dev.s3.amazonaws.com/dev..."
                />
              </div>
              <h4>
                FULL SUN PLANTS
              </h4>
            </div>
            <div
              class="col-sm-6 col-md-4"
              data-testid="category-container"
              role="presentation"
            >
              <div
                class="category d-flex justify-content center flex-column"
              >
                <img
                  alt="category"
                  src="https://plant-xchange-app-dev.s3.amazonaws.com/dev..."
                />
              </div>
              <h4>
                CLEARANCE SALE
              </h4>
            </div>
            <div
              class="col-sm-6 col-md-4"
              data-testid="category-container"
              role="presentation"
            >
              <div
                class="category d-flex justify-content center flex-column"
              >
                <img
                  alt="category"
                  src="https://plant-xchange-app-dev.s3.amazonaws.com/dev..."
                />
              </div>
              <h4>
                FYNBOS
              </h4>
            </div>
            <div
              class="col-sm-6 col-md-4"
              data-testid="category-container"
              role="presentation"
            >
              <div
                class="category d-flex justify-content center flex-column"
              >
                <img
                  alt="category"
                  src="https://plant-xchange-app-dev.s3.amazonaws.com/dev..."
                />
              </div>
              <h4>
                OUTDOOR GARDEN PLANTS
              </h4>
            </div>
            <div
              class="col-sm-6 col-md-4"
              data-testid="category-container"
              role="presentation"
            >
              <div
                class="category d-flex justify-content center flex-column"
              >
                <img
                  alt="category"
                  src="https://plant-xchange-app-dev.s3.amazonaws.com/dev..."
                />
              </div>
              <h4>
                ALL PLANTS
              </h4>
            </div>
          </div>
        </div>
      </div>
    </div>
  </div>
</div>
`;
