// Jest Snapshot v1, https://goo.gl/fbAQLP

exports[`renders the app 1`] = `
Object {
  "asFragment": [Function],
  "baseElement": <body>
    <div>
      <div>
        <nav
          class="navbar navbar-expand navbar-dark bg-navbar d-flex justify-content-around justify-content-lg-between"
        >
          <div>
            <div
              class="navbar-nav mr-auto"
            >
              <a
                class="navbar-brand"
                href="/"
              >
                <img
                  alt="logo"
                  src="logo.png"
                  style="margin-right: 2px; width: 30px; height: 30px; border-radius: 50px;"
                />
                 
                XChange
              </a>
              <li
                class="nav-item"
              >
                <a
                  class="nav-link"
                  href="/home"
                >
                  Home
                </a>
              </li>
            </div>
          </div>
          <div>
            <div
              class="navbar-nav ml-auto"
            >
              <li
                class="nav-item"
              >
                <a
                  class="nav-link"
                  href="/login"
                >
                  Login
                </a>
              </li>
              <li
                class="nav-item"
              >
                <a
                  class="nav-link"
                  href="/register"
                >
                  Sign Up
                </a>
              </li>
            </div>
          </div>
        </nav>
        <div
          class="container mt-3"
        >
          <div
            class="container row d-flex"
          >
            <h4>
              PRODUCT CATEGORIES:
            </h4>
            <div
              class="col-md-9"
            >
              <div
                class="row d-flex"
              >
                 
              </div>
            </div>
          </div>
        </div>
      </div>
    </div>
  </body>,
  "container": <div>
    <div>
      <nav
        class="navbar navbar-expand navbar-dark bg-navbar d-flex justify-content-around justify-content-lg-between"
      >
        <div>
          <div
            class="navbar-nav mr-auto"
          >
            <a
              class="navbar-brand"
              href="/"
            >
              <img
                alt="logo"
                src="logo.png"
                style="margin-right: 2px; width: 30px; height: 30px; border-radius: 50px;"
              />
               
              XChange
            </a>
            <li
              class="nav-item"
            >
              <a
                class="nav-link"
                href="/home"
              >
                Home
              </a>
            </li>
          </div>
        </div>
        <div>
          <div
            class="navbar-nav ml-auto"
          >
            <li
              class="nav-item"
            >
              <a
                class="nav-link"
                href="/login"
              >
                Login
              </a>
            </li>
            <li
              class="nav-item"
            >
              <a
                class="nav-link"
                href="/register"
              >
                Sign Up
              </a>
            </li>
          </div>
        </div>
      </nav>
      <div
        class="container mt-3"
      >
        <div
          class="container row d-flex"
        >
          <h4>
            PRODUCT CATEGORIES:
          </h4>
          <div
            class="col-md-9"
          >
            <div
              class="row d-flex"
            >
               
            </div>
          </div>
        </div>
      </div>
    </div>
  </div>,
  "debug": [Function],
  "findAllByAltText": [Function],
  "findAllByDisplayValue": [Function],
  "findAllByLabelText": [Function],
  "findAllByPlaceholderText": [Function],
  "findAllByRole": [Function],
  "findAllByTestId": [Function],
  "findAllByText": [Function],
  "findAllByTitle": [Function],
  "findByAltText": [Function],
  "findByDisplayValue": [Function],
  "findByLabelText": [Function],
  "findByPlaceholderText": [Function],
  "findByRole": [Function],
  "findByTestId": [Function],
  "findByText": [Function],
  "findByTitle": [Function],
  "getAllByAltText": [Function],
  "getAllByDisplayValue": [Function],
  "getAllByLabelText": [Function],
  "getAllByPlaceholderText": [Function],
  "getAllByRole": [Function],
  "getAllByTestId": [Function],
  "getAllByText": [Function],
  "getAllByTitle": [Function],
  "getByAltText": [Function],
  "getByDisplayValue": [Function],
  "getByLabelText": [Function],
  "getByPlaceholderText": [Function],
  "getByRole": [Function],
  "getByTestId": [Function],
  "getByText": [Function],
  "getByTitle": [Function],
  "queryAllByAltText": [Function],
  "queryAllByDisplayValue": [Function],
  "queryAllByLabelText": [Function],
  "queryAllByPlaceholderText": [Function],
  "queryAllByRole": [Function],
  "queryAllByTestId": [Function],
  "queryAllByText": [Function],
  "queryAllByTitle": [Function],
  "queryByAltText": [Function],
  "queryByDisplayValue": [Function],
  "queryByLabelText": [Function],
  "queryByPlaceholderText": [Function],
  "queryByRole": [Function],
  "queryByTestId": [Function],
  "queryByText": [Function],
  "queryByTitle": [Function],
  "rerender": [Function],
  "unmount": [Function],
}
`;
